# Домашнее задание: Работа с LVM


| Основное задание: |
| ---               |

1. Уменьшить том под __/__ до 8G
1. Выделить том под __/var__ ( __/var__ - сделать в mirror)
1. Выделить том под __/home__
1. Для __/home__ - сделать том для снэпшотов
1. Прописать монтирование в fstab (попробовать с разными опциями и разными файловыми системами на выбор)
1. Работа со снапшотами:
   - Сгенерировать файлы в __/home/__
   - Снять снэпшот
   - Удалить часть файлов
   - Восстановиться со снэпшота

* Задание со звездочкой
1. На куче дисков попробовать поставить btrfs/zfs:
    - С кешем и снэпшотами
    - Разметить здесь каталог __/opt__


| Решение: |
| ---      |


### Уменьшить том под __/__ до 8G ###

- Устанавливаем дополнительно пакеты (xfsdump будет необходим для снятия копии тома):
```
[root@lvm vagrant]# yum install xfsdump
```

- Создаем временный том:
```
[root@lvm vagrant]# pvcreate /dev/sdb
  Physical volume "/dev/sdb" successfully created.

[root@lvm vagrant]# vgcreate vg_root /dev/sdb
  Volume group "vg_root" successfully created

[root@lvm vagrant]# lvcreate -n lv_root -l +100%FREE /dev/vg_root
  Logical volume "lv_root" created.
```

- Создаем ФС и монтируем ее:
```
[root@lvm vagrant]# mkfs.xfs /dev/vg_root/lv_root
meta-data=/dev/vg_root/lv_root   isize=512    agcount=4, agsize=655104 blks
         =                       sectsz=512   attr=2, projid32bit=1
         =                       crc=1        finobt=0, sparse=0
data     =                       bsize=4096   blocks=2620416, imaxpct=25
         =                       sunit=0      swidth=0 blks
naming   =version 2              bsize=4096   ascii-ci=0 ftype=1
log      =internal log           bsize=4096   blocks=2560, version=2
         =                       sectsz=512   sunit=0 blks, lazy-count=1
realtime =none                   extsz=4096   blocks=0, rtextents=0

[root@lvm vagrant]# mount /dev/vg_root/lv_root /mnt
```

- Копируем все данные с __/__ в __/mnt__:
```
[root@lvm vagrant]# xfsdump -J - /dev/VolGroup00/LogVol00 | xfsrestore -J - /mnt
xfsrestore: restore complete: 13 seconds elapsed
xfsrestore: Restore Status: SUCCESS
```

-  Сымитируем текущий root -> сделав в него chroot и обновим grub:
```
[root@lvm vagrant]# for i in /proc/ /sys/ /dev/ /run/ /boot/; do mount --bind $i /mnt/$i; done
[root@lvm vagrant]# chroot /mnt/
[root@lvm /]# grub2-mkconfig -o /boot/grub2/grub.cfg
Generating grub configuration file ...
Found linux image: /boot/vmlinuz-3.10.0-862.2.3.el7.x86_64
Found initrd image: /boot/initramfs-3.10.0-862.2.3.el7.x86_64.img
done
```

- Обновляем образ initrd:
```
[root@lvm boot]# cd /boot ; for i in `ls initramfs-*img`; do dracut -v $i `echo $i|sed "s/initramfs-//g;
s/.img//g"` --force; done
*** Creating image file ***
*** Creating image file done ***
*** Creating initramfs image file '/boot/initramfs-3.10.0-862.2.3.el7.x86_64.img' done ***
```

- Изменяем конфиг grub, чтоб был смонтирован нужный  __/__, для этого в файле __/boot/grub2/grub.cfg__ меняем строку __rd.lvm.lv=VolGroup00/LogVol00__ на __rd.lvm.lv=vg_root/lv_root__

- Перезагружаемся и проверяем что новый __/__ на новом томе:
```
[root@lvm vagrant]# lsblk
NAME                    MAJ:MIN RM  SIZE RO TYPE MOUNTPOINT
sda                       8:0    0   40G  0 disk
├─sda1                    8:1    0    1M  0 part
├─sda2                    8:2    0    1G  0 part /boot
└─sda3                    8:3    0   39G  0 part
  ├─VolGroup00-LogVol00 253:0    0 37.5G  0 lvm
  └─VolGroup00-LogVol01 253:2    0  1.5G  0 lvm  [SWAP]
sdb                       8:16   0   10G  0 disk
└─vg_root-lv_root       253:1    0   10G  0 lvm  /
sdc                       8:32   0    2G  0 disk
sdd                       8:48   0    1G  0 disk
sde                       8:64   0    1G  0 disk
```

- Удаяем старый LV и создаем новый:
```
[root@lvm vagrant]# lvremove /dev/VolGroup00/LogVol00
Do you really want to remove active logical volume VolGroup00/LogVol00? [y/n]: y
  Logical volume "LogVol00" successfully removed

[root@lvm vagrant]# lvcreate -n VolGroup00/LogVol00 -L 8G /dev/VolGroup00
WARNING: xfs signature detected on /dev/VolGroup00/LogVol00 at offset 0. Wipe it? [y/n]: y
  Wiping xfs signature on /dev/VolGroup00/LogVol00.
  Logical volume "LogVol00" created.
```

- Проделываем теже операции,за исключением правки __/etc/grub2/grub.cfg__:
```
[root@lvm vagrant]# mkfs.xfs /dev/VolGroup00/LogVol00
meta-data=/dev/VolGroup00/LogVol00 isize=512    agcount=4, agsize=524288 blks
         =                       sectsz=512   attr=2, projid32bit=1
         =                       crc=1        finobt=0, sparse=0
data     =                       bsize=4096   blocks=2097152, imaxpct=25
         =                       sunit=0      swidth=0 blks
naming   =version 2              bsize=4096   ascii-ci=0 ftype=1
log      =internal log           bsize=4096   blocks=2560, version=2
         =                       sectsz=512   sunit=0 blks, lazy-count=1
realtime =none                   extsz=4096   blocks=0, rtextents=0

[root@lvm vagrant]# mount /dev/VolGroup00/LogVol00 /mnt
[root@lvm vagrant]# xfsdump -J - /dev/vg_root/lv_root | xfsrestore -J - /mnt
xfsdump: Dump Status: SUCCESS
xfsrestore: restore complete: 13 seconds elapsed
xfsrestore: Restore Status: SUCCESS

[root@lvm vagrant]# for i in /proc/ /sys/ /dev/ /run/ /boot/; do mount --bind $i /mnt/$i; done

[root@lvm vagrant]# chroot /mnt/
[root@lvm /]# grub2-mkconfig -o /boot/grub2/grub.cfg
Generating grub configuration file ...
Found linux image: /boot/vmlinuz-3.10.0-862.2.3.el7.x86_64
Found initrd image: /boot/initramfs-3.10.0-862.2.3.el7.x86_64.img
done

[root@lvm /]# cd /boot ; for i in `ls initramfs-*img`; do dracut -v $i `echo $i|sed "s/initramfs-//g; s/.img//g"` --force; done
*** Creating image file ***
*** Creating image file done ***
*** Creating initramfs image file '/boot/initramfs-3.10.0-862.2.3.el7.x86_64.img' done ***
```


### Выделить том под __/var__ ( __/var__ - сделать в mirror) ###

- Создаем зеркало на свободных дисках:
```
[root@lvm boot]# pvcreate /dev/sdc /dev/sdd
  Physical volume "/dev/sdc" successfully created.
  Physical volume "/dev/sdd" successfully created.

[root@lvm boot]# vgcreate vg_var /dev/sdc /dev/sdd
  Volume group "vg_var" successfully created

[root@lvm boot]# lvcreate -L 950M -m1 -n lv_var vg_var
  Rounding up size to full physical extent 952.00 MiB
  Logical volume "lv_var" created.
```

- Создаем ФС и перемещаем туда __/var__:
```
[root@lvm boot]# mkfs.ext4 /dev/vg_var/lv_var
mke2fs 1.42.9 (28-Dec-2013)
Filesystem label=
OS type: Linux
Block size=4096 (log=2)
Fragment size=4096 (log=2)
Stride=0 blocks, Stripe width=0 blocks
60928 inodes, 243712 blocks
12185 blocks (5.00%) reserved for the super user
First data block=0
Maximum filesystem blocks=249561088
8 block groups
32768 blocks per group, 32768 fragments per group
7616 inodes per group
Superblock backups stored on blocks:
        32768, 98304, 163840, 229376

Allocating group tables: done
Writing inode tables: done
Creating journal (4096 blocks): done
Writing superblocks and filesystem accounting information: done

[root@lvm boot]# mount /dev/vg_var/lv_var /mnt
[root@lvm boot]# cp -aR /var/* /mnt/ # rsync -avHPSAX /var/ /mnt/
```

- Монтируем новый var в каталог __/var__:
```
[root@lvm boot]# umount /mnt
[root@lvm boot]# mount /dev/vg_var/lv_var /var
```

- Правим fstab длā автоматического монтирования __/var__:
```
[root@lvm boot]# echo "`blkid | grep var: | awk '{print $2}'` /var ext4 defaults 0 0" >> /etc/fstab
```

- После перезагрузки проверяем
```
[root@lvm vagrant]# lsblk
NAME                     MAJ:MIN RM  SIZE RO TYPE MOUNTPOINT
sda                        8:0    0   40G  0 disk
├─sda1                     8:1    0    1M  0 part
├─sda2                     8:2    0    1G  0 part /boot
└─sda3                     8:3    0   39G  0 part
  ├─VolGroup00-LogVol00  253:0    0    8G  0 lvm  /
  └─VolGroup00-LogVol01  253:1    0  1.5G  0 lvm  [SWAP]
sdb                        8:16   0   10G  0 disk
└─vg_root-lv_root        253:2    0   10G  0 lvm
sdc                        8:32   0    2G  0 disk
├─vg_var-lv_var_rmeta_0  253:3    0    4M  0 lvm
│ └─vg_var-lv_var        253:7    0  952M  0 lvm  /var
└─vg_var-lv_var_rimage_0 253:4    0  952M  0 lvm
  └─vg_var-lv_var        253:7    0  952M  0 lvm  /var
sdd                        8:48   0    1G  0 disk
├─vg_var-lv_var_rmeta_1  253:5    0    4M  0 lvm
│ └─vg_var-lv_var        253:7    0  952M  0 lvm  /var
└─vg_var-lv_var_rimage_1 253:6    0  952M  0 lvm
  └─vg_var-lv_var        253:7    0  952M  0 lvm  /var
sde                        8:64   0    1G  0 disk
```

- Удаляем временную VG:
```
[root@lvm vagrant]# lvremove /dev/vg_root/lv_root
Do you really want to remove active logical volume vg_root/lv_root? [y/n]: y
  Logical volume "lv_root" successfully removed

[root@lvm vagrant]# vgremove /dev/vg_root
  Volume group "vg_root" successfully removed

[root@lvm vagrant]# pvremove /dev/sdb
  Labels on physical volume "/dev/sdb" successfully wiped.
 
[root@lvm vagrant]# lsblk
NAME                     MAJ:MIN RM  SIZE RO TYPE MOUNTPOINT
sda                        8:0    0   40G  0 disk
├─sda1                     8:1    0    1M  0 part
├─sda2                     8:2    0    1G  0 part /boot
└─sda3                     8:3    0   39G  0 part
  ├─VolGroup00-LogVol00  253:0    0    8G  0 lvm  /
  └─VolGroup00-LogVol01  253:1    0  1.5G  0 lvm  [SWAP]
sdb                        8:16   0   10G  0 disk
sdc                        8:32   0    2G  0 disk
├─vg_var-lv_var_rmeta_0  253:3    0    4M  0 lvm
│ └─vg_var-lv_var        253:7    0  952M  0 lvm  /var
└─vg_var-lv_var_rimage_0 253:4    0  952M  0 lvm
  └─vg_var-lv_var        253:7    0  952M  0 lvm  /var
sdd                        8:48   0    1G  0 disk
├─vg_var-lv_var_rmeta_1  253:5    0    4M  0 lvm
│ └─vg_var-lv_var        253:7    0  952M  0 lvm  /var
└─vg_var-lv_var_rimage_1 253:6    0  952M  0 lvm
  └─vg_var-lv_var        253:7    0  952M  0 lvm  /var
sde                        8:64   0    1G  0 disk
```


### Выделить том под __/home__ : ###

- По тому же принципу что делали для __/var__:
```
[root@lvm vagrant]# lvcreate -n LogVol_Home -L 2G /dev/VolGroup00
  Logical volume "LogVol_Home" created.

[root@lvm vagrant]# mkfs.xfs /dev/VolGroup00/LogVol_Home
meta-data=/dev/VolGroup00/LogVol_Home isize=512    agcount=4, agsize=131072 blks
         =                       sectsz=512   attr=2, projid32bit=1
         =                       crc=1        finobt=0, sparse=0
data     =                       bsize=4096   blocks=524288, imaxpct=25
         =                       sunit=0      swidth=0 blks
naming   =version 2              bsize=4096   ascii-ci=0 ftype=1
log      =internal log           bsize=4096   blocks=2560, version=2
         =                       sectsz=512   sunit=0 blks, lazy-count=1
realtime =none                   extsz=4096   blocks=0, rtextents=0

[root@lvm vagrant]# mount /dev/VolGroup00/LogVol_Home /mnt/
[root@lvm vagrant]# cp -aR /home/* /mnt/
[root@lvm vagrant]# rm -rf /home/*
[root@lvm vagrant]# umount /mnt
[root@lvm vagrant]# mount /dev/VolGroup00/LogVol_Home /home/
[root@lvm vagrant]# lsblk
NAME                       MAJ:MIN RM  SIZE RO TYPE MOUNTPOINT
sda                          8:0    0   40G  0 disk
├─sda1                       8:1    0    1M  0 part
├─sda2                       8:2    0    1G  0 part /boot
└─sda3                       8:3    0   39G  0 part
  ├─VolGroup00-LogVol00    253:0    0    8G  0 lvm  /
  ├─VolGroup00-LogVol01    253:1    0  1.5G  0 lvm  [SWAP]
  └─VolGroup00-LogVol_Home 253:2    0    2G  0 lvm  /home
sdb                          8:16   0   10G  0 disk
sdc                          8:32   0    2G  0 disk
├─vg_var-lv_var_rmeta_0    253:3    0    4M  0 lvm
│ └─vg_var-lv_var          253:7    0  952M  0 lvm  /var
└─vg_var-lv_var_rimage_0   253:4    0  952M  0 lvm
  └─vg_var-lv_var          253:7    0  952M  0 lvm  /var
sdd                          8:48   0    1G  0 disk
├─vg_var-lv_var_rmeta_1    253:5    0    4M  0 lvm
│ └─vg_var-lv_var          253:7    0  952M  0 lvm  /var
└─vg_var-lv_var_rimage_1   253:6    0  952M  0 lvm
  └─vg_var-lv_var          253:7    0  952M  0 lvm  /var
sde                          8:64   0    1G  0 disk
```

- Правим fstab для автоматического монтированиā __/home__:
```
[root@lvm vagrant]# echo "`blkid | grep Home | awk '{print $2}'` /home xfs defaults 0 0" >> /etc/fstab
```


### Работа со снапшотами: ### 

- Сгенерируем файлы в __/home/__:
```
[root@lvm vagrant]# touch /home/file{1..20}
[root@lvm vagrant]# ls /home/
file1  file10  file11  file12  file13  file14  file15  file16  file17  file18  file19  file2  file20  file3  file4  file5  file6  file7  file8  file9  vagrant
```

- Сделать снапшот:
```
[root@lvm vagrant]# lvcreate -L 100MB -s -n home_snap /dev/VolGroup00/LogVol_Home
  Rounding up size to full physical extent 128.00 MiB
  Logical volume "home_snap" created.
``` 
  
- Удалим часть файлов:
```
[root@lvm vagrant]# rm -f /home/file{11..20}
[root@lvm vagrant]# ls /home/
file1  file10  file2  file3  file4  file5  file6  file7  file8  file9  vagrant
```

- Восстановим из снапшота:
```
[root@lvm vagrant]# umount /home
[root@lvm vagrant]# lvconvert --merge /dev/VolGroup00/home_snap
  Merging of volume VolGroup00/home_snap started.
  VolGroup00/LogVol_Home: Merged: 100.00%

[root@lvm vagrant]# mount /home
[root@lvm vagrant]# ls /home/
file1  file10  file11  file12  file13  file14  file15  file16  file17  file18  file19  file2  file20  file3  file4  file5  file6  file7  file8  file9  vagrant
```
